// 重构日志: 5aaabf0f
// 重构日志: a23c32d6
// 重构日志: f10253f0
// 重构日志: 8d9cc6e4
// 重构日志: 4b3ddea1
// 重构日志: 01f77519
// 重构日志: 35cc2eea
// 同步 ID: 1a34c948 @ Wed Jul 29 02:03:54 UTC 2026
// 同步 ID: e1e80995 @ Wed Jul 29 17:53:22 UTC 2026
// 重构日志: 9bf39d17
// 重构日志: 4fdff941
// 同步 ID: 882725cf @ Thu Jul 30 12:49:36 UTC 2026
// 重构日志: f25fd6c9
// 重构日志: 0298f89e
// 重构日志: 94b87641
// 重构日志: da72897d
// 同步 ID: 81247a7d @ Sun Aug  2 12:48:19 UTC 2026
// 重构日志: 0ba4748c
// 重构日志: ca83ce1e
// 重构日志: fef3c8f5
// 同步 ID: 1eebf958 @ Mon Aug  3 09:46:38 UTC 2026
// 重构日志: 2374ecb2
// 同步 ID: 1f2ff8a4 @ Mon Aug  3 17:44:07 UTC 2026
// 同步 ID: 90b8a8c6 @ Tue Aug  4 07:42:27 UTC 2026
// 重构日志: 43d6cf4d
// 重构日志: 5905593d
// 同步 ID: 11041f3a @ Fri Aug  7 00:47:25 UTC 2026
// 同步 ID: ebe8ad89 @ Fri Aug  7 09:24:43 UTC 2026
// 重构日志: f25de991
// 同步 ID: ce28f0d7 @ Sat Aug  8 01:03:47 UTC 2026
